
               X         XYData-1 

             0.           0.      
           100.E-03     243.E-06  
           127.E-03     244.E-06  
           156.E-03     245.E-06  
           187.E-03     247.E-06  
           223.E-03     250.E-06  
           262.E-03     253.E-06  
           308.E-03     257.E-06  
           364.E-03     264.E-06  
           438.E-03     275.E-06  
           560.E-03     302.E-06  
             1.11       782.E-06  
             1.23         1.21E-03
             1.31         1.70E-03
             1.36         2.37E-03
             1.41         3.31E-03
             1.45         4.78E-03
             1.48         7.40E-03
             1.52        13.2E-03 
             1.54        33.4E-03 
             1.57        96.3E-03 
             1.57        90.3E-03 
             1.58        78.4E-03 
             1.58        63.7E-03 
             1.59        49.4E-03 
             1.59        37.4E-03 
             1.60        28.4E-03 
             1.60        22.0E-03 
             1.61        17.9E-03 
             1.62        16.7E-03 
             1.69        67.1E-03 
             1.70       118.E-03  
             1.71       179.E-03  
             1.72       255.E-03  
             1.72       349.E-03  
             1.73       460.E-03  
             1.73       578.E-03  
             1.74       686.E-03  
             1.74       762.E-03  
             1.74       791.E-03  
             1.75       664.E-03  
             1.76       429.E-03  
             1.77       259.E-03  
             1.78       159.E-03  
             1.79       102.E-03  
             1.81        66.7E-03 
             1.82        44.3E-03 
             1.84        29.1E-03 
             1.88        17.6E-03 
             2.04         8.59E-03
             2.08        10.4E-03 
             2.10        13.0E-03 
             2.12        16.9E-03 
             2.13        22.6E-03 
             2.14        31.3E-03 
             2.15        44.4E-03 
             2.16        62.3E-03 
             2.17        80.2E-03 
             2.18        84.5E-03 
             2.19        63.1E-03 
             2.20        35.9E-03 
             2.21        19.1E-03 
             2.23        10.4E-03 
             2.24         5.88E-03
             2.26         3.42E-03
             2.28         2.02E-03
             2.31         1.19E-03
             2.36       651.E-06  
             2.57       234.E-06  
             2.62       212.E-06  
             2.65       204.E-06  
             2.67       201.E-06  
             2.68       203.E-06  
             2.70       211.E-06  
             2.71       228.E-06  
             2.73       254.E-06  
             2.74       284.E-06  
             2.75       293.E-06  
             2.76       271.E-06  
             2.77       233.E-06  
             2.78       200.E-06  
             2.79       177.E-06  
             2.81       161.E-06  
             2.83       150.E-06  
             2.85       141.E-06  
             2.87       132.E-06  
             2.92       122.E-06  
             3.13        95.2E-06 
             3.17        94.8E-06 
             3.20        97.5E-06 
             3.22       103.E-06  
             3.24       111.E-06  
             3.25       123.E-06  
             3.27       139.E-06  
             3.28       157.E-06  
             3.29       169.E-06  
             3.30       166.E-06  
             3.35        69.9E-06 
             3.41        53.0E-06 
             3.48        47.2E-06 
             3.55        42.6E-06 
             3.63        38.2E-06 
             3.73        33.6E-06 
             3.84        28.7E-06 
             3.99        23.4E-06 
             4.24        16.9E-06 
             5.37         4.89E-06
             5.62         3.22E-06
             5.77         2.21E-06
             5.88         1.47E-06
             5.98       922.E-09  
             6.06       509.E-09  
             6.13       219.E-09  
             6.19        50.2E-09 
             6.25        11.9E-09 
             6.31       132.E-09  
             6.32       161.E-09  
             6.32       196.E-09  
             6.33       240.E-09  
             6.34       295.E-09  
             6.35       368.E-09  
             6.36       468.E-09  
             6.37       613.E-09  
             6.39       853.E-09  
             6.42         1.41E-06
             6.56        11.6E-06 
             6.59        19.4E-06 
             6.61        26.8E-06 
             6.62        34.0E-06 
             6.63        40.9E-06 
             6.64        47.2E-06 
             6.65        52.4E-06 
             6.66        56.4E-06 
             6.66        59.0E-06 
             6.67        60.3E-06 
             6.69        58.9E-06 
             6.70        52.1E-06 
             6.72        42.4E-06 
             6.74        32.7E-06 
             6.76        24.6E-06 
             6.79        18.3E-06 
             6.82        13.6E-06 
             6.86        10.1E-06 
             6.93         7.93E-06
             7.25        21.8E-06 
             7.32        36.9E-06 
             7.36        54.5E-06 
             7.39        76.9E-06 
             7.42       105.E-06  
             7.44       140.E-06  
             7.46       178.E-06  
             7.48       215.E-06  
             7.49       240.E-06  
             7.51       247.E-06  
             7.53       230.E-06  
             7.55       191.E-06  
             7.57       145.E-06  
             7.59       105.E-06  
             7.62        73.3E-06 
             7.65        50.6E-06 
             7.69        34.6E-06 
             7.74        23.3E-06 
             7.82        15.1E-06 
             8.20        16.9E-06 
             8.28        23.9E-06 
             8.34        31.9E-06 
             8.37        41.8E-06 
             8.41        54.1E-06 
             8.43        68.9E-06 
             8.46        85.0E-06 
             8.48        99.6E-06 
             8.50       108.E-06  
             8.52       107.E-06  
             8.53        98.1E-06 
             8.55        82.4E-06 
             8.57        63.9E-06 
             8.60        46.7E-06 
             8.62        32.6E-06 
             8.65        22.0E-06 
             8.69        14.3E-06 
             8.73         8.94E-06
             8.81         5.07E-06
             9.17         4.24E-06
             9.25         5.99E-06
             9.29         8.02E-06
             9.33        10.5E-06 
             9.36        13.4E-06 
             9.38        16.7E-06 
             9.41        20.1E-06 
             9.43        23.0E-06 
             9.45        24.7E-06 
             9.46        24.8E-06 
             9.55        11.6E-06 
             9.65         4.16E-06
             9.76         1.88E-06
             9.88         1.06E-06
            10.0        713.E-09  
            10.2        559.E-09  
            10.4        489.E-09  
            10.6        454.E-09  
            11.0        417.E-09  
            12.9        924.E-09  
            13.3          1.67E-06
            13.5          2.46E-06
            13.7          3.28E-06
            13.9          4.22E-06
            14.0          5.65E-06
            14.1          8.53E-06
            14.2         15.6E-06 
            14.3         32.5E-06 
            14.4         52.8E-06 
            14.4         53.7E-06 
            14.4         54.1E-06 
            14.4         53.9E-06 
            14.5         52.9E-06 
            14.5         51.1E-06 
            14.5         48.3E-06 
            14.5         44.3E-06 
            14.5         39.0E-06 
            14.6         31.1E-06 
            14.8          9.04E-06
            14.8          5.10E-06
            14.9          2.90E-06
            14.9          1.48E-06
            14.9        601.E-09  
            14.9        141.E-09  
            14.9         10.7E-09 
            14.9        139.E-09  
            15.0        465.E-09  
            15.0        933.E-09  
            15.0          2.49E-06
            15.0          4.63E-06
            15.0          6.99E-06
            15.1          9.18E-06
            15.1         10.9E-06 
            15.1         12.1E-06 
            15.2         12.7E-06 
            15.3         12.6E-06 
            15.4         11.9E-06 
            15.8         10.4E-06 
            16.0         13.6E-06 
            16.0         17.8E-06 
            16.1         22.8E-06 
            16.1         28.7E-06 
            16.1         35.0E-06 
            16.2         41.1E-06 
            16.2         46.1E-06 
            16.2         49.5E-06 
            16.2         50.8E-06 
            16.3         49.7E-06 
            16.3         45.9E-06 
            16.3         40.0E-06 
            16.4         33.0E-06 
            16.4         26.0E-06 
            16.5         19.6E-06 
            16.5         14.1E-06 
            16.6          9.48E-06
            16.7          5.21E-06
            17.3        965.E-09  
            17.4          1.10E-06
            17.5          1.28E-06
            17.5          1.47E-06
            17.6          1.63E-06
            17.6          1.75E-06
            17.7          1.79E-06
            17.7          1.73E-06
            17.7          1.58E-06
            17.8          1.36E-06
            17.8          1.12E-06
            17.8        850.E-09  
            17.8        582.E-09  
            17.9        349.E-09  
            17.9        171.E-09  
            17.9         58.8E-09 
            18.0         10.2E-09 
            18.1         21.7E-09 
            18.2        103.E-09  
            18.7        347.E-09  
            18.8        350.E-09  
            18.9        339.E-09  
            18.9        319.E-09  
            19.0        291.E-09  
            19.0        255.E-09  
            19.0        214.E-09  
            19.1        169.E-09  
            19.1        127.E-09  
            19.1         88.6E-09 
            19.1         66.3E-09 
            19.1         45.6E-09 
            19.2         27.6E-09 
            19.2         13.5E-09 
            19.2          4.22E-09
            19.2        584.E-12  
            19.3          2.92E-09
            19.3         11.4E-09 
            19.4         27.3E-09 
            19.7         49.0E-09 
            19.8         47.4E-09 
            19.8         46.1E-09 
            19.9         44.9E-09 
            19.9         44.0E-09 
            19.9         43.1E-09 
            19.9         42.3E-09 
            20.0         41.7E-09 
            20.0         41.0E-09 
            20.          40.4E-09 





               X         XYData-1 

             0.           0.      
           100.E-03     243.E-06  
           127.E-03     244.E-06  
           156.E-03     245.E-06  
           187.E-03     247.E-06  
           223.E-03     250.E-06  
           262.E-03     253.E-06  
           308.E-03     257.E-06  
           364.E-03     264.E-06  
           438.E-03     275.E-06  
           560.E-03     302.E-06  
             1.11       782.E-06  
             1.23         1.21E-03
             1.31         1.70E-03
             1.36         2.37E-03
             1.41         3.31E-03
             1.45         4.78E-03
             1.48         7.40E-03
             1.52        13.2E-03 
             1.54        33.4E-03 
             1.57        96.3E-03 
             1.57        90.3E-03 
             1.58        78.4E-03 
             1.58        63.7E-03 
             1.59        49.4E-03 
             1.59        37.4E-03 
             1.60        28.4E-03 
             1.60        22.0E-03 
             1.61        17.9E-03 
             1.62        16.7E-03 
             1.69        67.1E-03 
             1.70       118.E-03  
             1.71       179.E-03  
             1.72       255.E-03  
             1.72       349.E-03  
             1.73       460.E-03  
             1.73       578.E-03  
             1.74       686.E-03  
             1.74       762.E-03  
             1.74       791.E-03  
             1.75       664.E-03  
             1.76       429.E-03  
             1.77       259.E-03  
             1.78       159.E-03  
             1.79       102.E-03  
             1.81        66.7E-03 
             1.82        44.3E-03 
             1.84        29.1E-03 
             1.88        17.6E-03 
             2.04         8.59E-03
             2.08        10.4E-03 
             2.10        13.0E-03 
             2.12        16.9E-03 
             2.13        22.6E-03 
             2.14        31.3E-03 
             2.15        44.4E-03 
             2.16        62.3E-03 
             2.17        80.2E-03 
             2.18        84.5E-03 
             2.19        63.1E-03 
             2.20        35.9E-03 
             2.21        19.1E-03 
             2.23        10.4E-03 
             2.24         5.88E-03
             2.26         3.42E-03
             2.28         2.02E-03
             2.31         1.19E-03
             2.36       651.E-06  
             2.57       234.E-06  
             2.62       212.E-06  
             2.65       204.E-06  
             2.67       201.E-06  
             2.68       203.E-06  
             2.70       211.E-06  
             2.71       228.E-06  
             2.73       254.E-06  
             2.74       284.E-06  
             2.75       293.E-06  
             2.76       271.E-06  
             2.77       233.E-06  
             2.78       200.E-06  
             2.79       177.E-06  
             2.81       161.E-06  
             2.83       150.E-06  
             2.85       141.E-06  
             2.87       132.E-06  
             2.92       122.E-06  
             3.13        95.2E-06 
             3.17        94.8E-06 
             3.20        97.5E-06 
             3.22       103.E-06  
             3.24       111.E-06  
             3.25       123.E-06  
             3.27       139.E-06  
             3.28       157.E-06  
             3.29       169.E-06  
             3.30       166.E-06  
             3.35        69.9E-06 
             3.41        53.0E-06 
             3.48        47.2E-06 
             3.55        42.6E-06 
             3.63        38.2E-06 
             3.73        33.6E-06 
             3.84        28.7E-06 
             3.99        23.4E-06 
             4.24        16.9E-06 
             5.37         4.89E-06
             5.62         3.22E-06
             5.77         2.21E-06
             5.88         1.47E-06
             5.98       922.E-09  
             6.06       509.E-09  
             6.13       219.E-09  
             6.19        50.2E-09 
             6.25        11.9E-09 
             6.31       132.E-09  
             6.32       161.E-09  
             6.32       196.E-09  
             6.33       240.E-09  
             6.34       295.E-09  
             6.35       368.E-09  
             6.36       468.E-09  
             6.37       613.E-09  
             6.39       853.E-09  
             6.42         1.41E-06
             6.56        11.6E-06 
             6.59        19.4E-06 
             6.61        26.8E-06 
             6.62        34.0E-06 
             6.63        40.9E-06 
             6.64        47.2E-06 
             6.65        52.4E-06 
             6.66        56.4E-06 
             6.66        59.0E-06 
             6.67        60.3E-06 
             6.69        58.9E-06 
             6.70        52.1E-06 
             6.72        42.4E-06 
             6.74        32.7E-06 
             6.76        24.6E-06 
             6.79        18.3E-06 
             6.82        13.6E-06 
             6.86        10.1E-06 
             6.93         7.93E-06
             7.25        21.8E-06 
             7.32        36.9E-06 
             7.36        54.5E-06 
             7.39        76.9E-06 
             7.42       105.E-06  
             7.44       140.E-06  
             7.46       178.E-06  
             7.48       215.E-06  
             7.49       240.E-06  
             7.51       247.E-06  
             7.53       230.E-06  
             7.55       191.E-06  
             7.57       145.E-06  
             7.59       105.E-06  
             7.62        73.3E-06 
             7.65        50.6E-06 
             7.69        34.6E-06 
             7.74        23.3E-06 
             7.82        15.1E-06 
             8.20        16.9E-06 
             8.28        23.9E-06 
             8.34        31.9E-06 
             8.37        41.8E-06 
             8.41        54.1E-06 
             8.43        68.9E-06 
             8.46        85.0E-06 
             8.48        99.6E-06 
             8.50       108.E-06  
             8.52       107.E-06  
             8.53        98.1E-06 
             8.55        82.4E-06 
             8.57        63.9E-06 
             8.60        46.7E-06 
             8.62        32.6E-06 
             8.65        22.0E-06 
             8.69        14.3E-06 
             8.73         8.94E-06
             8.81         5.07E-06
             9.17         4.24E-06
             9.25         5.99E-06
             9.29         8.02E-06
             9.33        10.5E-06 
             9.36        13.4E-06 
             9.38        16.7E-06 
             9.41        20.1E-06 
             9.43        23.0E-06 
             9.45        24.7E-06 
             9.46        24.8E-06 
             9.55        11.6E-06 
             9.65         4.16E-06
             9.76         1.88E-06
             9.88         1.06E-06
            10.0        713.E-09  
            10.2        559.E-09  
            10.4        489.E-09  
            10.6        454.E-09  
            11.0        417.E-09  
            12.9        924.E-09  
            13.3          1.67E-06
            13.5          2.46E-06
            13.7          3.28E-06
            13.9          4.22E-06
            14.0          5.65E-06
            14.1          8.53E-06
            14.2         15.6E-06 
            14.3         32.5E-06 
            14.4         52.8E-06 
            14.4         53.7E-06 
            14.4         54.1E-06 
            14.4         53.9E-06 
            14.5         52.9E-06 
            14.5         51.1E-06 
            14.5         48.3E-06 
            14.5         44.3E-06 
            14.5         39.0E-06 
            14.6         31.1E-06 
            14.8          9.04E-06
            14.8          5.10E-06
            14.9          2.90E-06
            14.9          1.48E-06
            14.9        601.E-09  
            14.9        141.E-09  
            14.9         10.7E-09 
            14.9        139.E-09  
            15.0        465.E-09  
            15.0        933.E-09  
            15.0          2.49E-06
            15.0          4.63E-06
            15.0          6.99E-06
            15.1          9.18E-06
            15.1         10.9E-06 
            15.1         12.1E-06 
            15.2         12.7E-06 
            15.3         12.6E-06 
            15.4         11.9E-06 
            15.8         10.4E-06 
            16.0         13.6E-06 
            16.0         17.8E-06 
            16.1         22.8E-06 
            16.1         28.7E-06 
            16.1         35.0E-06 
            16.2         41.1E-06 
            16.2         46.1E-06 
            16.2         49.5E-06 
            16.2         50.8E-06 
            16.3         49.7E-06 
            16.3         45.9E-06 
            16.3         40.0E-06 
            16.4         33.0E-06 
            16.4         26.0E-06 
            16.5         19.6E-06 
            16.5         14.1E-06 
            16.6          9.48E-06
            16.7          5.21E-06
            17.3        965.E-09  
            17.4          1.10E-06
            17.5          1.28E-06
            17.5          1.47E-06
            17.6          1.63E-06
            17.6          1.75E-06
            17.7          1.79E-06
            17.7          1.73E-06
            17.7          1.58E-06
            17.8          1.36E-06
            17.8          1.12E-06
            17.8        850.E-09  
            17.8        582.E-09  
            17.9        349.E-09  
            17.9        171.E-09  
            17.9         58.8E-09 
            18.0         10.2E-09 
            18.1         21.7E-09 
            18.2        103.E-09  
            18.7        347.E-09  
            18.8        350.E-09  
            18.9        339.E-09  
            18.9        319.E-09  
            19.0        291.E-09  
            19.0        255.E-09  
            19.0        214.E-09  
            19.1        169.E-09  
            19.1        127.E-09  
            19.1         88.6E-09 
            19.1         66.3E-09 
            19.1         45.6E-09 
            19.2         27.6E-09 
            19.2         13.5E-09 
            19.2          4.22E-09
            19.2        584.E-12  
            19.3          2.92E-09
            19.3         11.4E-09 
            19.4         27.3E-09 
            19.7         49.0E-09 
            19.8         47.4E-09 
            19.8         46.1E-09 
            19.9         44.9E-09 
            19.9         44.0E-09 
            19.9         43.1E-09 
            19.9         42.3E-09 
            20.0         41.7E-09 
            20.0         41.0E-09 
            20.          40.4E-09 





                       _U:U2 PI: P
                       ART-1-1 N: 
               X            2     

             0.           0.      
           100.E-03     154.E-06  
           127.E-03     154.E-06  
           156.E-03     155.E-06  
           187.E-03     156.E-06  
           223.E-03     157.E-06  
           262.E-03     159.E-06  
           308.E-03     162.E-06  
           364.E-03     166.E-06  
           438.E-03     172.E-06  
           560.E-03     187.E-06  
             1.11       451.E-06  
             1.23       679.E-06  
             1.31       944.E-06  
             1.36         1.29E-03
             1.41         1.79E-03
             1.45         2.56E-03
             1.48         3.92E-03
             1.52         6.94E-03
             1.54        17.2E-03 
             1.57        48.7E-03 
             1.57        45.6E-03 
             1.58        39.5E-03 
             1.58        32.0E-03 
             1.59        24.8E-03 
             1.59        18.8E-03 
             1.60        14.3E-03 
             1.60        11.1E-03 
             1.61         9.12E-03
             1.62         8.59E-03
             1.69        35.3E-03 
             1.70        62.3E-03 
             1.71        94.3E-03 
             1.72       134.E-03  
             1.72       184.E-03  
             1.73       242.E-03  
             1.73       304.E-03  
             1.74       361.E-03  
             1.74       401.E-03  
             1.74       416.E-03  
             1.75       349.E-03  
             1.76       226.E-03  
             1.77       136.E-03  
             1.78        83.9E-03 
             1.79        53.5E-03 
             1.81        35.2E-03 
             1.82        23.4E-03 
             1.84        15.4E-03 
             1.88         9.39E-03
             2.04         4.90E-03
             2.08         6.08E-03
             2.10         7.78E-03
             2.12        10.2E-03 
             2.13        13.9E-03 
             2.14        19.5E-03 
             2.15        27.9E-03 
             2.16        39.5E-03 
             2.17        51.2E-03 
             2.18        54.4E-03 
             2.19        41.0E-03 
             2.20        23.5E-03 
             2.21        12.6E-03 
             2.23         6.90E-03
             2.24         3.91E-03
             2.26         2.27E-03
             2.28         1.33E-03
             2.31       765.E-06  
             2.36       396.E-06  
             2.57       117.E-06  
             2.62       106.E-06  
             2.65       102.E-06  
             2.67       102.E-06  
             2.68       105.E-06  
             2.70       111.E-06  
             2.71       123.E-06  
             2.73       140.E-06  
             2.74       159.E-06  
             2.75       164.E-06  
             2.76       148.E-06  
             2.77       122.E-06  
             2.78       101.E-06  
             2.79        87.1E-06 
             2.81        78.1E-06 
             2.83        71.9E-06 
             2.85        67.2E-06 
             2.87        63.0E-06 
             2.92        58.3E-06 
             3.13        49.4E-06 
             3.17        51.4E-06 
             3.20        55.1E-06 
             3.22        60.5E-06 
             3.24        68.3E-06 
             3.25        79.1E-06 
             3.27        93.3E-06 
             3.28       109.E-06  
             3.29       119.E-06  
             3.30       116.E-06  
             3.35        36.7E-06 
             3.41        24.8E-06 
             3.48        22.0E-06 
             3.55        20.3E-06 
             3.63        18.6E-06 
             3.73        16.9E-06 
             3.84        15.0E-06 
             3.99        13.0E-06 
             4.24        10.7E-06 
             5.37        28.7E-06 
             5.62        58.2E-06 
             5.77        99.0E-06 
             5.88       160.E-06  
             5.98       260.E-06  
             6.06       436.E-06  
             6.13       790.E-06  
             6.19         1.63E-03
             6.25         3.90E-03
             6.31         6.85E-03
             6.32         6.79E-03
             6.32         6.59E-03
             6.33         6.21E-03
             6.34         5.70E-03
             6.35         5.06E-03
             6.36         4.35E-03
             6.37         3.61E-03
             6.39         2.87E-03
             6.42         2.12E-03
             6.56         2.37E-03
             6.59         3.29E-03
             6.61         4.16E-03
             6.62         4.99E-03
             6.63         5.76E-03
             6.64         6.43E-03
             6.65         6.96E-03
             6.66         7.33E-03
             6.66         7.53E-03
             6.67         7.58E-03
             6.69         7.15E-03
             6.70         6.11E-03
             6.72         4.82E-03
             6.74         3.59E-03
             6.76         2.59E-03
             6.79         1.84E-03
             6.82         1.27E-03
             6.86       854.E-06  
             6.93       515.E-06  
             7.25       329.E-06  
             7.32       475.E-06  
             7.36       661.E-06  
             7.39       903.E-06  
             7.42         1.21E-03
             7.44         1.59E-03
             7.46         2.02E-03
             7.48         2.42E-03
             7.49         2.69E-03
             7.51         2.76E-03
             7.53         2.56E-03
             7.55         2.12E-03
             7.57         1.60E-03
             7.59         1.14E-03
             7.62       793.E-06  
             7.65       538.E-06  
             7.69       356.E-06  
             7.74       224.E-06  
             7.82       122.E-06  
             8.20        53.6E-06 
             8.28        73.3E-06 
             8.34        98.2E-06 
             8.37       130.E-06  
             8.41       170.E-06  
             8.43       219.E-06  
             8.46       273.E-06  
             8.48       322.E-06  
             8.50       352.E-06  
             8.52       350.E-06  
             8.53       321.E-06  
             8.55       269.E-06  
             8.57       208.E-06  
             8.60       150.E-06  
             8.62       103.E-06  
             8.65        67.3E-06 
             8.69        41.4E-06 
             8.73        22.9E-06 
             8.81         9.62E-06
             9.17         4.67E-06
             9.25         7.75E-06
             9.29        11.1E-06 
             9.33        15.1E-06 
             9.36        19.8E-06 
             9.38        25.0E-06 
             9.41        30.2E-06 
             9.43        34.6E-06 
             9.45        37.0E-06 
             9.46        37.1E-06 
             9.55        16.3E-06 
             9.65         5.25E-06
             9.76         2.05E-06
             9.88       977.E-09  
            10.0        551.E-09  
            10.2        344.E-09  
            10.4        214.E-09  
            10.6        116.E-09  
            11.0         45.8E-09 
            12.9        196.E-09  
            13.3        477.E-09  
            13.5        795.E-09  
            13.7          1.12E-06
            13.9          1.50E-06
            14.0          2.09E-06
            14.1          3.37E-06
            14.2          6.77E-06
            14.3         15.6E-06 
            14.4         27.2E-06 
            14.4         27.8E-06 
            14.4         28.2E-06 
            14.4         28.3E-06 
            14.5         28.0E-06 
            14.5         27.2E-06 
            14.5         25.9E-06 
            14.5         24.1E-06 
            14.5         21.4E-06 
            14.6         17.3E-06 
            14.8          5.42E-06
            14.8          3.23E-06
            14.9          1.96E-06
            14.9          1.11E-06
            14.9        544.E-09  
            14.9        206.E-09  
            14.9         46.5E-09 
            14.9         29.8E-09 
            15.0        124.E-09  
            15.0        301.E-09  
            15.0        978.E-09  
            15.0          1.98E-06
            15.0          3.13E-06
            15.1          4.23E-06
            15.1          5.13E-06
            15.1          5.73E-06
            15.2          6.02E-06
            15.3          5.99E-06
            15.4          5.49E-06
            15.8          3.67E-06
            16.0          4.60E-06
            16.0          6.01E-06
            16.1          7.81E-06
            16.1          9.94E-06
            16.1         12.3E-06 
            16.2         14.5E-06 
            16.2         16.4E-06 
            16.2         17.7E-06 
            16.2         18.2E-06 
            16.3         17.9E-06 
            16.3         16.5E-06 
            16.3         14.3E-06 
            16.4         11.7E-06 
            16.4          9.14E-06
            16.5          6.77E-06
            16.5          4.72E-06
            16.6          2.98E-06
            16.7          1.42E-06
            17.3        263.E-09  
            17.4        397.E-09  
            17.5        501.E-09  
            17.5        581.E-09  
            17.6        636.E-09  
            17.6        660.E-09  
            17.7        645.E-09  
            17.7        591.E-09  
            17.7        505.E-09  
            17.8        402.E-09  
            17.8        304.E-09  
            17.8        205.E-09  
            17.8        119.E-09  
            17.9         56.7E-09 
            17.9         22.8E-09 
            17.9         16.8E-09 
            18.0         35.1E-09 
            18.1         73.9E-09 
            18.2        135.E-09  
            18.7        219.E-09  
            18.8        220.E-09  
            18.9        221.E-09  
            18.9        221.E-09  
            19.0        219.E-09  
            19.0        212.E-09  
            19.0        201.E-09  
            19.1        186.E-09  
            19.1        168.E-09  
            19.1        148.E-09  
            19.1        133.E-09  
            19.1        118.E-09  
            19.2        102.E-09  
            19.2         86.0E-09 
            19.2         70.2E-09 
            19.2         55.5E-09 
            19.3         42.4E-09 
            19.3         31.4E-09 
            19.4         22.4E-09 
            19.7         16.2E-09 
            19.8         16.3E-09 
            19.8         16.4E-09 
            19.9         16.6E-09 
            19.9         16.7E-09 
            19.9         16.9E-09 
            19.9         17.0E-09 
            20.0         17.1E-09 
            20.0         17.2E-09 
            20.          17.3E-09 





                       _RU:RU2 PI:
                        PART-1-1 N
               X           : 2    

             0.           0.      
           100.E-03       0.      
           127.E-03       2.03E-03
           156.E-03       2.93E-03
           187.E-03       3.68E-03
           223.E-03       4.36E-03
           262.E-03       5.03E-03
           308.E-03       5.72E-03
           364.E-03       6.47E-03
           438.E-03       7.37E-03
           560.E-03       8.73E-03
             1.11        15.9E-03 
             1.23        17.9E-03 
             1.31        19.5E-03 
             1.36        21.1E-03 
             1.41        22.7E-03 
             1.45        24.5E-03 
             1.48        26.7E-03 
             1.52        29.8E-03 
             1.54        35.2E-03 
             1.57        46.0E-03 
             1.57        47.6E-03 
             1.58        49.1E-03 
             1.58        50.4E-03 
             1.59        51.6E-03 
             1.59        52.5E-03 
             1.60        53.4E-03 
             1.60        54.2E-03 
             1.61        55.0E-03 
             1.62        56.1E-03 
             1.69        67.5E-03 
             1.70        72.5E-03 
             1.71        77.0E-03 
             1.72        81.7E-03 
             1.72        86.8E-03 
             1.73        92.3E-03 
             1.73        98.2E-03 
             1.74       104.E-03  
             1.74       110.E-03  
             1.74       116.E-03  
             1.75       128.E-03  
             1.76       138.E-03  
             1.77       144.E-03  
             1.78       148.E-03  
             1.79       150.E-03  
             1.81       152.E-03  
             1.82       154.E-03  
             1.84       155.E-03  
             1.88       157.E-03  
             2.04       161.E-03  
             2.08       161.E-03  
             2.10       162.E-03  
             2.12       162.E-03  
             2.13       163.E-03  
             2.14       163.E-03  
             2.15       164.E-03  
             2.16       165.E-03  
             2.17       166.E-03  
             2.18       167.E-03  
             2.19       169.E-03  
             2.20       170.E-03  
             2.21       171.E-03  
             2.23       171.E-03  
             2.24       171.E-03  
             2.26       171.E-03  
             2.28       171.E-03  
             2.31       172.E-03  
             2.36       172.E-03  
             2.57       172.E-03  
             2.62       172.E-03  
             2.65       172.E-03  
             2.67       172.E-03  
             2.68       172.E-03  
             2.70       172.E-03  
             2.71       172.E-03  
             2.73       172.E-03  
             2.74       172.E-03  
             2.75       172.E-03  
             2.76       172.E-03  
             2.77       172.E-03  
             2.78       172.E-03  
             2.79       172.E-03  
             2.81       172.E-03  
             2.83       172.E-03  
             2.85       172.E-03  
             2.87       172.E-03  
             2.92       172.E-03  
             3.13       172.E-03  
             3.17       172.E-03  
             3.20       172.E-03  
             3.22       172.E-03  
             3.24       172.E-03  
             3.25       172.E-03  
             3.27       172.E-03  
             3.28       172.E-03  
             3.29       172.E-03  
             3.30       172.E-03  
             3.35       172.E-03  
             3.41       172.E-03  
             3.48       172.E-03  
             3.55       172.E-03  
             3.63       172.E-03  
             3.73       172.E-03  
             3.84       172.E-03  
             3.99       172.E-03  
             4.24       172.E-03  
             5.37       172.E-03  
             5.62       172.E-03  
             5.77       172.E-03  
             5.88       172.E-03  
             5.98       172.E-03  
             6.06       172.E-03  
             6.13       172.E-03  
             6.19       173.E-03  
             6.25       173.E-03  
             6.31       174.E-03  
             6.32       174.E-03  
             6.32       174.E-03  
             6.33       174.E-03  
             6.34       175.E-03  
             6.35       175.E-03  
             6.36       175.E-03  
             6.37       175.E-03  
             6.39       175.E-03  
             6.42       175.E-03  
             6.56       176.E-03  
             6.59       176.E-03  
             6.61       177.E-03  
             6.62       177.E-03  
             6.63       177.E-03  
             6.64       177.E-03  
             6.65       177.E-03  
             6.66       178.E-03  
             6.66       178.E-03  
             6.67       178.E-03  
             6.69       178.E-03  
             6.70       178.E-03  
             6.72       179.E-03  
             6.74       179.E-03  
             6.76       179.E-03  
             6.79       179.E-03  
             6.82       179.E-03  
             6.86       180.E-03  
             6.93       180.E-03  
             7.25       180.E-03  
             7.32       180.E-03  
             7.36       180.E-03  
             7.39       180.E-03  
             7.42       180.E-03  
             7.44       180.E-03  
             7.46       181.E-03  
             7.48       181.E-03  
             7.49       181.E-03  
             7.51       181.E-03  
             7.53       181.E-03  
             7.55       181.E-03  
             7.57       181.E-03  
             7.59       181.E-03  
             7.62       181.E-03  
             7.65       181.E-03  
             7.69       182.E-03  
             7.74       182.E-03  
             7.82       182.E-03  
             8.20       182.E-03  
             8.28       182.E-03  
             8.34       182.E-03  
             8.37       182.E-03  
             8.41       182.E-03  
             8.43       182.E-03  
             8.46       182.E-03  
             8.48       182.E-03  
             8.50       182.E-03  
             8.52       182.E-03  
             8.53       182.E-03  
             8.55       182.E-03  
             8.57       182.E-03  
             8.60       182.E-03  
             8.62       182.E-03  
             8.65       182.E-03  
             8.69       182.E-03  
             8.73       182.E-03  
             8.81       182.E-03  
             9.17       182.E-03  
             9.25       182.E-03  
             9.29       182.E-03  
             9.33       182.E-03  
             9.36       182.E-03  
             9.38       182.E-03  
             9.41       182.E-03  
             9.43       182.E-03  
             9.45       182.E-03  
             9.46       182.E-03  
             9.55       182.E-03  
             9.65       182.E-03  
             9.76       182.E-03  
             9.88       182.E-03  
            10.0        182.E-03  
            10.2        182.E-03  
            10.4        182.E-03  
            10.6        182.E-03  
            11.0        182.E-03  
            12.9        182.E-03  
            13.3        182.E-03  
            13.5        182.E-03  
            13.7        182.E-03  
            13.9        182.E-03  
            14.0        182.E-03  
            14.1        182.E-03  
            14.2        182.E-03  
            14.3        182.E-03  
            14.4        182.E-03  
            14.4        182.E-03  
            14.4        182.E-03  
            14.4        182.E-03  
            14.5        182.E-03  
            14.5        182.E-03  
            14.5        182.E-03  
            14.5        182.E-03  
            14.5        182.E-03  
            14.6        182.E-03  
            14.8        182.E-03  
            14.8        182.E-03  
            14.9        182.E-03  
            14.9        182.E-03  
            14.9        182.E-03  
            14.9        182.E-03  
            14.9        182.E-03  
            14.9        182.E-03  
            15.0        182.E-03  
            15.0        182.E-03  
            15.0        182.E-03  
            15.0        182.E-03  
            15.0        182.E-03  
            15.1        182.E-03  
            15.1        182.E-03  
            15.1        182.E-03  
            15.2        182.E-03  
            15.3        182.E-03  
            15.4        182.E-03  
            15.8        182.E-03  
            16.0        182.E-03  
            16.0        182.E-03  
            16.1        182.E-03  
            16.1        182.E-03  
            16.1        182.E-03  
            16.2        182.E-03  
            16.2        182.E-03  
            16.2        182.E-03  
            16.2        182.E-03  
            16.3        182.E-03  
            16.3        182.E-03  
            16.3        182.E-03  
            16.4        182.E-03  
            16.4        182.E-03  
            16.5        182.E-03  
            16.5        182.E-03  
            16.6        182.E-03  
            16.7        182.E-03  
            17.3        182.E-03  
            17.4        182.E-03  
            17.5        182.E-03  
            17.5        182.E-03  
            17.6        182.E-03  
            17.6        182.E-03  
            17.7        182.E-03  
            17.7        182.E-03  
            17.7        182.E-03  
            17.8        182.E-03  
            17.8        182.E-03  
            17.8        182.E-03  
            17.8        182.E-03  
            17.9        182.E-03  
            17.9        182.E-03  
            17.9        182.E-03  
            18.0        182.E-03  
            18.1        182.E-03  
            18.2        182.E-03  
            18.7        182.E-03  
            18.8        182.E-03  
            18.9        182.E-03  
            18.9        182.E-03  
            19.0        182.E-03  
            19.0        182.E-03  
            19.0        182.E-03  
            19.1        182.E-03  
            19.1        182.E-03  
            19.1        182.E-03  
            19.1        182.E-03  
            19.1        182.E-03  
            19.2        182.E-03  
            19.2        182.E-03  
            19.2        182.E-03  
            19.2        182.E-03  
            19.3        182.E-03  
            19.3        182.E-03  
            19.4        182.E-03  
            19.7        182.E-03  
            19.8        182.E-03  
            19.8        182.E-03  
            19.9        182.E-03  
            19.9        182.E-03  
            19.9        182.E-03  
            19.9        182.E-03  
            20.0        182.E-03  
            20.0        182.E-03  
            20.         182.E-03  




